error[E0061]: this function takes 1 argument but 0 arguments were supplied
 --> $DIR/missing_assure.rs:8:14
  |
8 |     unsafe { foo() }
  |              ^^^-- supplied 0 arguments
  |              |
  |              expected 1 argument
  |
note: function defined here
 --> $DIR/missing_assure.rs:4:11
  |
3 |   #[pre("is bar")]
  |  _______-
4 | | unsafe fn foo() {}
  | |___________^^-
