error[E0308]: mismatched types
 --> $DIR/precondition_missing.rs:9:5
  |
9 |     #[assure("is bar", reason = "foo is bar")]
  |     ^^^^^^^^^^^^^^^^^^^^^^^^^^^^^^^^^^^^^^^^^^ expected a tuple with 2 elements, found one with 1 element
  |
  = note: expected struct `std::marker::PhantomData<(pre::CustomCondition<"is bar">, pre::CustomCondition<"is baz">)>`
             found struct `std::marker::PhantomData<(pre::CustomCondition<"is bar">,)>`
