error: duplicate `forward` attribute

  = help: there can be just one location, try removing the wrong one

  --> $DIR/duplicate_forward.rs:22:5
   |
22 |     #[forward(other_nested)]
   |     ^
